node_modules/sonner/dist/index.d.ts(1,8): error TS1259: Module '"C:/Users/Lenovo/Desktop/Case Trends Kenya/node_modules/@types/react/index"' can only be default-imported using the 'esModuleInterop' flag
src/pages/admin/AdminProductsForm.tsx(3,25): error TS2307: Cannot find module '@/contexts/AuthContext' or its corresponding type declarations.
src/pages/admin/AdminProductsForm.tsx(4,26): error TS2307: Cannot find module '@/integrations/supabase/client' or its corresponding type declarations.
src/pages/admin/AdminProductsForm.tsx(5,57): error TS2307: Cannot find module '@/lib/supabaseHelpers' or its corresponding type declarations.
src/pages/admin/AdminProductsForm.tsx(6,25): error TS2307: Cannot find module '@/lib/constants' or its corresponding type declarations.
src/pages/admin/AdminProductsForm.tsx(7,32): error TS2307: Cannot find module '@/lib/audit' or its corresponding type declarations.
src/pages/admin/AdminProductsForm.tsx(8,24): error TS2307: Cannot find module '@/components/ui/button' or its corresponding type declarations.
src/pages/admin/AdminProductsForm.tsx(9,23): error TS2307: Cannot find module '@/components/ui/input' or its corresponding type declarations.
src/pages/admin/AdminProductsForm.tsx(10,23): error TS2307: Cannot find module '@/components/ui/label' or its corresponding type declarations.
src/pages/admin/AdminProductsForm.tsx(11,79): error TS2307: Cannot find module '@/components/ui/select' or its corresponding type declarations.
src/pages/admin/AdminProductsForm.tsx(15,38): error TS2307: Cannot find module '@/lib/imageOptimization' or its corresponding type declarations.
src/pages/admin/AdminProductsForm.tsx(16,102): error TS2307: Cannot find module '@/lib/categoryData' or its corresponding type declarations.
src/pages/admin/AdminProductsForm.tsx(656,7): error TS17004: Cannot use JSX unless the '--jsx' flag is provided.
src/pages/admin/AdminProductsForm.tsx(657,9): error TS17004: Cannot use JSX unless the '--jsx' flag is provided.
src/pages/admin/AdminProductsForm.tsx(663,5): error TS17004: Cannot use JSX unless the '--jsx' flag is provided.
src/pages/admin/AdminProductsForm.tsx(664,7): error TS17004: Cannot use JSX unless the '--jsx' flag is provided.
src/pages/admin/AdminProductsForm.tsx(666,9): error TS17004: Cannot use JSX unless the '--jsx' flag is provided.
src/pages/admin/AdminProductsForm.tsx(667,11): error TS17004: Cannot use JSX unless the '--jsx' flag is provided.
src/pages/admin/AdminProductsForm.tsx(671,13): error TS17004: Cannot use JSX unless the '--jsx' flag is provided.
src/pages/admin/AdminProductsForm.tsx(673,11): error TS17004: Cannot use JSX unless the '--jsx' flag is provided.
src/pages/admin/AdminProductsForm.tsx(674,13): error TS17004: Cannot use JSX unless the '--jsx' flag is provided.
src/pages/admin/AdminProductsForm.tsx(675,13): error TS17004: Cannot use JSX unless the '--jsx' flag is provided.
src/pages/admin/AdminProductsForm.tsx(679,9): error TS17004: Cannot use JSX unless the '--jsx' flag is provided.
src/pages/admin/AdminProductsForm.tsx(685,11): error TS17004: Cannot use JSX unless the '--jsx' flag is provided.
src/pages/admin/AdminProductsForm.tsx(686,13): error TS17004: Cannot use JSX unless the '--jsx' flag is provided.
src/pages/admin/AdminProductsForm.tsx(688,13): error TS17004: Cannot use JSX unless the '--jsx' flag is provided.
src/pages/admin/AdminProductsForm.tsx(689,15): error TS17004: Cannot use JSX unless the '--jsx' flag is provided.
src/pages/admin/AdminProductsForm.tsx(690,15): error TS17004: Cannot use JSX unless the '--jsx' flag is provided.
src/pages/admin/AdminProductsForm.tsx(698,13): error TS17004: Cannot use JSX unless the '--jsx' flag is provided.
src/pages/admin/AdminProductsForm.tsx(699,15): error TS17004: Cannot use JSX unless the '--jsx' flag is provided.
src/pages/admin/AdminProductsForm.tsx(700,17): error TS17004: Cannot use JSX unless the '--jsx' flag is provided.
src/pages/admin/AdminProductsForm.tsx(701,17): error TS17004: Cannot use JSX unless the '--jsx' flag is provided.
src/pages/admin/AdminProductsForm.tsx(714,19): error TS17004: Cannot use JSX unless the '--jsx' flag is provided.
src/pages/admin/AdminProductsForm.tsx(715,21): error TS17004: Cannot use JSX unless the '--jsx' flag is provided.
src/pages/admin/AdminProductsForm.tsx(717,19): error TS17004: Cannot use JSX unless the '--jsx' flag is provided.
src/pages/admin/AdminProductsForm.tsx(719,23): error TS17004: Cannot use JSX unless the '--jsx' flag is provided.
src/pages/admin/AdminProductsForm.tsx(725,15): error TS17004: Cannot use JSX unless the '--jsx' flag is provided.
src/pages/admin/AdminProductsForm.tsx(726,17): error TS17004: Cannot use JSX unless the '--jsx' flag is provided.
src/pages/admin/AdminProductsForm.tsx(727,17): error TS17004: Cannot use JSX unless the '--jsx' flag is provided.
src/pages/admin/AdminProductsForm.tsx(739,19): error TS17004: Cannot use JSX unless the '--jsx' flag is provided.
src/pages/admin/AdminProductsForm.tsx(740,21): error TS17004: Cannot use JSX unless the '--jsx' flag is provided.
src/pages/admin/AdminProductsForm.tsx(742,19): error TS17004: Cannot use JSX unless the '--jsx' flag is provided.
src/pages/admin/AdminProductsForm.tsx(746,25): error TS17004: Cannot use JSX unless the '--jsx' flag is provided.
src/pages/admin/AdminProductsForm.tsx(753,13): error TS17004: Cannot use JSX unless the '--jsx' flag is provided.
src/pages/admin/AdminProductsForm.tsx(754,15): error TS17004: Cannot use JSX unless the '--jsx' flag is provided.
src/pages/admin/AdminProductsForm.tsx(755,15): error TS17004: Cannot use JSX unless the '--jsx' flag is provided.
src/pages/admin/AdminProductsForm.tsx(765,11): error TS17004: Cannot use JSX unless the '--jsx' flag is provided.
src/pages/admin/AdminProductsForm.tsx(766,13): error TS17004: Cannot use JSX unless the '--jsx' flag is provided.
src/pages/admin/AdminProductsForm.tsx(768,13): error TS17004: Cannot use JSX unless the '--jsx' flag is provided.
src/pages/admin/AdminProductsForm.tsx(769,15): error TS17004: Cannot use JSX unless the '--jsx' flag is provided.
src/pages/admin/AdminProductsForm.tsx(770,17): error TS17004: Cannot use JSX unless the '--jsx' flag is provided.
src/pages/admin/AdminProductsForm.tsx(771,17): error TS17004: Cannot use JSX unless the '--jsx' flag is provided.
src/pages/admin/AdminProductsForm.tsx(779,15): error TS17004: Cannot use JSX unless the '--jsx' flag is provided.
src/pages/admin/AdminProductsForm.tsx(780,17): error TS17004: Cannot use JSX unless the '--jsx' flag is provided.
src/pages/admin/AdminProductsForm.tsx(781,17): error TS17004: Cannot use JSX unless the '--jsx' flag is provided.
src/pages/admin/AdminProductsForm.tsx(791,13): error TS17004: Cannot use JSX unless the '--jsx' flag is provided.
src/pages/admin/AdminProductsForm.tsx(792,15): error TS17004: Cannot use JSX unless the '--jsx' flag is provided.
src/pages/admin/AdminProductsForm.tsx(793,17): error TS17004: Cannot use JSX unless the '--jsx' flag is provided.
src/pages/admin/AdminProductsForm.tsx(794,17): error TS17004: Cannot use JSX unless the '--jsx' flag is provided.
src/pages/admin/AdminProductsForm.tsx(795,19): error TS17004: Cannot use JSX unless the '--jsx' flag is provided.
src/pages/admin/AdminProductsForm.tsx(796,21): error TS17004: Cannot use JSX unless the '--jsx' flag is provided.
src/pages/admin/AdminProductsForm.tsx(798,19): error TS17004: Cannot use JSX unless the '--jsx' flag is provided.
src/pages/admin/AdminProductsForm.tsx(799,21): error TS17004: Cannot use JSX unless the '--jsx' flag is provided.
src/pages/admin/AdminProductsForm.tsx(800,21): error TS17004: Cannot use JSX unless the '--jsx' flag is provided.
src/pages/admin/AdminProductsForm.tsx(801,21): error TS17004: Cannot use JSX unless the '--jsx' flag is provided.
src/pages/admin/AdminProductsForm.tsx(805,15): error TS17004: Cannot use JSX unless the '--jsx' flag is provided.
src/pages/admin/AdminProductsForm.tsx(806,17): error TS17004: Cannot use JSX unless the '--jsx' flag is provided.
src/pages/admin/AdminProductsForm.tsx(807,17): error TS17004: Cannot use JSX unless the '--jsx' flag is provided.
src/pages/admin/AdminProductsForm.tsx(820,11): error TS17004: Cannot use JSX unless the '--jsx' flag is provided.
src/pages/admin/AdminProductsForm.tsx(821,13): error TS17004: Cannot use JSX unless the '--jsx' flag is provided.
src/pages/admin/AdminProductsForm.tsx(823,13): error TS17004: Cannot use JSX unless the '--jsx' flag is provided.
src/pages/admin/AdminProductsForm.tsx(824,15): error TS17004: Cannot use JSX unless the '--jsx' flag is provided.
src/pages/admin/AdminProductsForm.tsx(825,17): error TS17004: Cannot use JSX unless the '--jsx' flag is provided.
src/pages/admin/AdminProductsForm.tsx(826,17): error TS17004: Cannot use JSX unless the '--jsx' flag is provided.
src/pages/admin/AdminProductsForm.tsx(827,17): error TS17004: Cannot use JSX unless the '--jsx' flag is provided.
src/pages/admin/AdminProductsForm.tsx(842,19): error TS17004: Cannot use JSX unless the '--jsx' flag is provided.
src/pages/admin/AdminProductsForm.tsx(843,21): error TS17004: Cannot use JSX unless the '--jsx' flag is provided.
src/pages/admin/AdminProductsForm.tsx(845,19): error TS17004: Cannot use JSX unless the '--jsx' flag is provided.
src/pages/admin/AdminProductsForm.tsx(847,23): error TS17004: Cannot use JSX unless the '--jsx' flag is provided.
src/pages/admin/AdminProductsForm.tsx(856,17): error TS17004: Cannot use JSX unless the '--jsx' flag is provided.
src/pages/admin/AdminProductsForm.tsx(857,19): error TS17004: Cannot use JSX unless the '--jsx' flag is provided.
src/pages/admin/AdminProductsForm.tsx(858,19): error TS17004: Cannot use JSX unless the '--jsx' flag is provided.
src/pages/admin/AdminProductsForm.tsx(859,19): error TS17004: Cannot use JSX unless the '--jsx' flag is provided.
src/pages/admin/AdminProductsForm.tsx(869,17): error TS17004: Cannot use JSX unless the '--jsx' flag is provided.
src/pages/admin/AdminProductsForm.tsx(870,19): error TS17004: Cannot use JSX unless the '--jsx' flag is provided.
src/pages/admin/AdminProductsForm.tsx(871,19): error TS17004: Cannot use JSX unless the '--jsx' flag is provided.
src/pages/admin/AdminProductsForm.tsx(872,19): error TS17004: Cannot use JSX unless the '--jsx' flag is provided.
src/pages/admin/AdminProductsForm.tsx(873,21): error TS17004: Cannot use JSX unless the '--jsx' flag is provided.
src/pages/admin/AdminProductsForm.tsx(874,23): error TS17004: Cannot use JSX unless the '--jsx' flag is provided.
src/pages/admin/AdminProductsForm.tsx(876,21): error TS17004: Cannot use JSX unless the '--jsx' flag is provided.
src/pages/admin/AdminProductsForm.tsx(878,25): error TS17004: Cannot use JSX unless the '--jsx' flag is provided.
src/pages/admin/AdminProductsForm.tsx(888,17): error TS17004: Cannot use JSX unless the '--jsx' flag is provided.
src/pages/admin/AdminProductsForm.tsx(889,19): error TS17004: Cannot use JSX unless the '--jsx' flag is provided.
src/pages/admin/AdminProductsForm.tsx(890,19): error TS17004: Cannot use JSX unless the '--jsx' flag is provided.
src/pages/admin/AdminProductsForm.tsx(891,19): error TS17004: Cannot use JSX unless the '--jsx' flag is provided.
src/pages/admin/AdminProductsForm.tsx(901,21): error TS17004: Cannot use JSX unless the '--jsx' flag is provided.
src/pages/admin/AdminProductsForm.tsx(902,23): error TS17004: Cannot use JSX unless the '--jsx' flag is provided.
src/pages/admin/AdminProductsForm.tsx(904,21): error TS17004: Cannot use JSX unless the '--jsx' flag is provided.
src/pages/admin/AdminProductsForm.tsx(906,25): error TS17004: Cannot use JSX unless the '--jsx' flag is provided.
src/pages/admin/AdminProductsForm.tsx(910,23): error TS17004: Cannot use JSX unless the '--jsx' flag is provided.
src/pages/admin/AdminProductsForm.tsx(914,21): error TS17004: Cannot use JSX unless the '--jsx' flag is provided.
src/pages/admin/AdminProductsForm.tsx(924,17): error TS17004: Cannot use JSX unless the '--jsx' flag is provided.
src/pages/admin/AdminProductsForm.tsx(925,19): error TS17004: Cannot use JSX unless the '--jsx' flag is provided.
src/pages/admin/AdminProductsForm.tsx(926,19): error TS17004: Cannot use JSX unless the '--jsx' flag is provided.
src/pages/admin/AdminProductsForm.tsx(927,19): error TS17004: Cannot use JSX unless the '--jsx' flag is provided.
src/pages/admin/AdminProductsForm.tsx(928,21): error TS17004: Cannot use JSX unless the '--jsx' flag is provided.
src/pages/admin/AdminProductsForm.tsx(929,23): error TS17004: Cannot use JSX unless the '--jsx' flag is provided.
src/pages/admin/AdminProductsForm.tsx(931,21): error TS17004: Cannot use JSX unless the '--jsx' flag is provided.
src/pages/admin/AdminProductsForm.tsx(933,25): error TS17004: Cannot use JSX unless the '--jsx' flag is provided.
src/pages/admin/AdminProductsForm.tsx(943,15): error TS17004: Cannot use JSX unless the '--jsx' flag is provided.
src/pages/admin/AdminProductsForm.tsx(944,17): error TS17004: Cannot use JSX unless the '--jsx' flag is provided.
src/pages/admin/AdminProductsForm.tsx(945,17): error TS17004: Cannot use JSX unless the '--jsx' flag is provided.
src/pages/admin/AdminProductsForm.tsx(946,17): error TS17004: Cannot use JSX unless the '--jsx' flag is provided.
src/pages/admin/AdminProductsForm.tsx(947,19): error TS17004: Cannot use JSX unless the '--jsx' flag is provided.
src/pages/admin/AdminProductsForm.tsx(948,21): error TS17004: Cannot use JSX unless the '--jsx' flag is provided.
src/pages/admin/AdminProductsForm.tsx(950,19): error TS17004: Cannot use JSX unless the '--jsx' flag is provided.
src/pages/admin/AdminProductsForm.tsx(952,23): error TS17004: Cannot use JSX unless the '--jsx' flag is provided.
src/pages/admin/AdminProductsForm.tsx(961,15): error TS17004: Cannot use JSX unless the '--jsx' flag is provided.
src/pages/admin/AdminProductsForm.tsx(962,17): error TS17004: Cannot use JSX unless the '--jsx' flag is provided.
src/pages/admin/AdminProductsForm.tsx(963,17): error TS17004: Cannot use JSX unless the '--jsx' flag is provided.
src/pages/admin/AdminProductsForm.tsx(964,17): error TS17004: Cannot use JSX unless the '--jsx' flag is provided.
src/pages/admin/AdminProductsForm.tsx(970,17): error TS17004: Cannot use JSX unless the '--jsx' flag is provided.
src/pages/admin/AdminProductsForm.tsx(974,15): error TS17004: Cannot use JSX unless the '--jsx' flag is provided.
src/pages/admin/AdminProductsForm.tsx(975,17): error TS17004: Cannot use JSX unless the '--jsx' flag is provided.
src/pages/admin/AdminProductsForm.tsx(976,17): error TS17004: Cannot use JSX unless the '--jsx' flag is provided.
src/pages/admin/AdminProductsForm.tsx(977,17): error TS17004: Cannot use JSX unless the '--jsx' flag is provided.
src/pages/admin/AdminProductsForm.tsx(978,19): error TS17004: Cannot use JSX unless the '--jsx' flag is provided.
src/pages/admin/AdminProductsForm.tsx(979,21): error TS17004: Cannot use JSX unless the '--jsx' flag is provided.
src/pages/admin/AdminProductsForm.tsx(981,19): error TS17004: Cannot use JSX unless the '--jsx' flag is provided.
src/pages/admin/AdminProductsForm.tsx(983,23): error TS17004: Cannot use JSX unless the '--jsx' flag is provided.
src/pages/admin/AdminProductsForm.tsx(992,13): error TS17004: Cannot use JSX unless the '--jsx' flag is provided.
src/pages/admin/AdminProductsForm.tsx(994,17): error TS17004: Cannot use JSX unless the '--jsx' flag is provided.
src/pages/admin/AdminProductsForm.tsx(995,19): error TS17004: Cannot use JSX unless the '--jsx' flag is provided.
src/pages/admin/AdminProductsForm.tsx(997,21): error TS17004: Cannot use JSX unless the '--jsx' flag is provided.
src/pages/admin/AdminProductsForm.tsx(1003,21): error TS17004: Cannot use JSX unless the '--jsx' flag is provided.
src/pages/admin/AdminProductsForm.tsx(1004,23): error TS17004: Cannot use JSX unless the '--jsx' flag is provided.
src/pages/admin/AdminProductsForm.tsx(1014,25): error TS17004: Cannot use JSX unless the '--jsx' flag is provided.
src/pages/admin/AdminProductsForm.tsx(1015,27): error TS17004: Cannot use JSX unless the '--jsx' flag is provided.
src/pages/admin/AdminProductsForm.tsx(1017,25): error TS17004: Cannot use JSX unless the '--jsx' flag is provided.
src/pages/admin/AdminProductsForm.tsx(1019,29): error TS17004: Cannot use JSX unless the '--jsx' flag is provided.
src/pages/admin/AdminProductsForm.tsx(1023,27): error TS17004: Cannot use JSX unless the '--jsx' flag is provided.
src/pages/admin/AdminProductsForm.tsx(1027,25): error TS17004: Cannot use JSX unless the '--jsx' flag is provided.
src/pages/admin/AdminProductsForm.tsx(1040,17): error TS17004: Cannot use JSX unless the '--jsx' flag is provided.
src/pages/admin/AdminProductsForm.tsx(1041,19): error TS17004: Cannot use JSX unless the '--jsx' flag is provided.
src/pages/admin/AdminProductsForm.tsx(1042,19): error TS17004: Cannot use JSX unless the '--jsx' flag is provided.
src/pages/admin/AdminProductsForm.tsx(1043,19): error TS17004: Cannot use JSX unless the '--jsx' flag is provided.
src/pages/admin/AdminProductsForm.tsx(1054,13): error TS17004: Cannot use JSX unless the '--jsx' flag is provided.
src/pages/admin/AdminProductsForm.tsx(1055,15): error TS17004: Cannot use JSX unless the '--jsx' flag is provided.
src/pages/admin/AdminProductsForm.tsx(1056,15): error TS17004: Cannot use JSX unless the '--jsx' flag is provided.
src/pages/admin/AdminProductsForm.tsx(1058,19): error TS17004: Cannot use JSX unless the '--jsx' flag is provided.
src/pages/admin/AdminProductsForm.tsx(1059,21): error TS17004: Cannot use JSX unless the '--jsx' flag is provided.
src/pages/admin/AdminProductsForm.tsx(1071,21): error TS17004: Cannot use JSX unless the '--jsx' flag is provided.
src/pages/admin/AdminProductsForm.tsx(1076,17): error TS17004: Cannot use JSX unless the '--jsx' flag is provided.
src/pages/admin/AdminProductsForm.tsx(1077,19): error TS17004: Cannot use JSX unless the '--jsx' flag is provided.
src/pages/admin/AdminProductsForm.tsx(1080,15): error TS17004: Cannot use JSX unless the '--jsx' flag is provided.
src/pages/admin/AdminProductsForm.tsx(1081,17): error TS17004: Cannot use JSX unless the '--jsx' flag is provided.
src/pages/admin/AdminProductsForm.tsx(1093,17): error TS17004: Cannot use JSX unless the '--jsx' flag is provided.
src/pages/admin/AdminProductsForm.tsx(1101,11): error TS17004: Cannot use JSX unless the '--jsx' flag is provided.
src/pages/admin/AdminProductsForm.tsx(1102,13): error TS17004: Cannot use JSX unless the '--jsx' flag is provided.
src/pages/admin/AdminProductsForm.tsx(1104,13): error TS17004: Cannot use JSX unless the '--jsx' flag is provided.
src/pages/admin/AdminProductsForm.tsx(1105,15): error TS17004: Cannot use JSX unless the '--jsx' flag is provided.
src/pages/admin/AdminProductsForm.tsx(1106,17): error TS17004: Cannot use JSX unless the '--jsx' flag is provided.
src/pages/admin/AdminProductsForm.tsx(1112,17): error TS17004: Cannot use JSX unless the '--jsx' flag is provided.
src/pages/admin/AdminProductsForm.tsx(1114,15): error TS17004: Cannot use JSX unless the '--jsx' flag is provided.
src/pages/admin/AdminProductsForm.tsx(1115,17): error TS17004: Cannot use JSX unless the '--jsx' flag is provided.
src/pages/admin/AdminProductsForm.tsx(1121,17): error TS17004: Cannot use JSX unless the '--jsx' flag is provided.
src/pages/admin/AdminProductsForm.tsx(1127,11): error TS17004: Cannot use JSX unless the '--jsx' flag is provided.
src/pages/admin/AdminProductsForm.tsx(1128,13): error TS17004: Cannot use JSX unless the '--jsx' flag is provided.
src/pages/admin/AdminProductsForm.tsx(1131,13): error TS17004: Cannot use JSX unless the '--jsx' flag is provided.
src/pages/admin/AdminProductsForm.tsx(1132,15): error TS17004: Cannot use JSX unless the '--jsx' flag is provided.
src/pages/admin/AdminProductsForm.tsx(1138,17): error TS17004: Cannot use JSX unless the '--jsx' flag is provided.
src/pages/admin/AdminProductsForm.tsx(1140,17): error TS17004: Cannot use JSX unless the '--jsx' flag is provided.
src/pages/admin/AdminProductsForm.tsx(1144,17): error TS17004: Cannot use JSX unless the '--jsx' flag is provided.
src/pages/admin/AdminProductsForm.tsx(1146,21): error TS17004: Cannot use JSX unless the '--jsx' flag is provided.
src/pages/admin/AdminProductsForm.tsx(1160,13): error TS17004: Cannot use JSX unless the '--jsx' flag is provided.
src/pages/admin/AdminProductsForm.tsx(1161,15): error TS17004: Cannot use JSX unless the '--jsx' flag is provided.
src/pages/admin/AdminProductsForm.tsx(1167,17): error TS17004: Cannot use JSX unless the '--jsx' flag is provided.
src/pages/admin/AdminProductsForm.tsx(1169,17): error TS17004: Cannot use JSX unless the '--jsx' flag is provided.
src/pages/admin/AdminProductsForm.tsx(1173,17): error TS17004: Cannot use JSX unless the '--jsx' flag is provided.
src/pages/admin/AdminProductsForm.tsx(1174,19): error TS17004: Cannot use JSX unless the '--jsx' flag is provided.
src/pages/admin/AdminProductsForm.tsx(1175,21): error TS17004: Cannot use JSX unless the '--jsx' flag is provided.
src/pages/admin/AdminProductsForm.tsx(1176,21): error TS17004: Cannot use JSX unless the '--jsx' flag is provided.
src/pages/admin/AdminProductsForm.tsx(1177,23): error TS17004: Cannot use JSX unless the '--jsx' flag is provided.
src/pages/admin/AdminProductsForm.tsx(1178,23): error TS17004: Cannot use JSX unless the '--jsx' flag is provided.
src/pages/admin/AdminProductsForm.tsx(1179,23): error TS17004: Cannot use JSX unless the '--jsx' flag is provided.
src/pages/admin/AdminProductsForm.tsx(1180,23): error TS17004: Cannot use JSX unless the '--jsx' flag is provided.
src/pages/admin/AdminProductsForm.tsx(1184,19): error TS17004: Cannot use JSX unless the '--jsx' flag is provided.
src/pages/admin/AdminProductsForm.tsx(1191,19): error TS17004: Cannot use JSX unless the '--jsx' flag is provided.
src/pages/admin/AdminProductsForm.tsx(1192,21): error TS17004: Cannot use JSX unless the '--jsx' flag is provided.
src/pages/admin/AdminProductsForm.tsx(1198,23): error TS17004: Cannot use JSX unless the '--jsx' flag is provided.
src/pages/admin/AdminProductsForm.tsx(1201,21): error TS17004: Cannot use JSX unless the '--jsx' flag is provided.
src/pages/admin/AdminProductsForm.tsx(1216,21): error TS17004: Cannot use JSX unless the '--jsx' flag is provided.
src/pages/admin/AdminProductsForm.tsx(1217,23): error TS17004: Cannot use JSX unless the '--jsx' flag is provided.
src/pages/admin/AdminProductsForm.tsx(1218,23): error TS17004: Cannot use JSX unless the '--jsx' flag is provided.
src/pages/admin/AdminProductsForm.tsx(1220,27): error TS17004: Cannot use JSX unless the '--jsx' flag is provided.
src/pages/admin/AdminProductsForm.tsx(1221,29): error TS17004: Cannot use JSX unless the '--jsx' flag is provided.
src/pages/admin/AdminProductsForm.tsx(1228,29): error TS17004: Cannot use JSX unless the '--jsx' flag is provided.
src/pages/admin/AdminProductsForm.tsx(1234,29): error TS17004: Cannot use JSX unless the '--jsx' flag is provided.
src/pages/admin/AdminProductsForm.tsx(1240,31): error TS17004: Cannot use JSX unless the '--jsx' flag is provided.
src/pages/admin/AdminProductsForm.tsx(1245,23): error TS17004: Cannot use JSX unless the '--jsx' flag is provided.
src/pages/admin/AdminProductsForm.tsx(1250,25): error TS17004: Cannot use JSX unless the '--jsx' flag is provided.
src/pages/admin/AdminProductsForm.tsx(1261,15): error TS17004: Cannot use JSX unless the '--jsx' flag is provided.
src/pages/admin/AdminProductsForm.tsx(1262,17): error TS17004: Cannot use JSX unless the '--jsx' flag is provided.
src/pages/admin/AdminProductsForm.tsx(1264,19): error TS17004: Cannot use JSX unless the '--jsx' flag is provided.
src/pages/admin/AdminProductsForm.tsx(1265,21): error TS17004: Cannot use JSX unless the '--jsx' flag is provided.
src/pages/admin/AdminProductsForm.tsx(1271,21): error TS17004: Cannot use JSX unless the '--jsx' flag is provided.
src/pages/admin/AdminProductsForm.tsx(1277,21): error TS17004: Cannot use JSX unless the '--jsx' flag is provided.
src/pages/admin/AdminProductsForm.tsx(1283,23): error TS17004: Cannot use JSX unless the '--jsx' flag is provided.
src/pages/admin/AdminProductsForm.tsx(1291,13): error TS17004: Cannot use JSX unless the '--jsx' flag is provided.
src/pages/admin/AdminProductsForm.tsx(1292,15): error TS17004: Cannot use JSX unless the '--jsx' flag is provided.
src/pages/admin/AdminProductsForm.tsx(1293,15): error TS17004: Cannot use JSX unless the '--jsx' flag is provided.
src/pages/admin/AdminProductsForm.tsx(1294,17): error TS17004: Cannot use JSX unless the '--jsx' flag is provided.
src/pages/admin/AdminProductsForm.tsx(1301,17): error TS17004: Cannot use JSX unless the '--jsx' flag is provided.
src/pages/admin/AdminProductsForm.tsx(1308,17): error TS17004: Cannot use JSX unless the '--jsx' flag is provided.
src/pages/admin/AdminProductsForm.tsx(1313,19): error TS17004: Cannot use JSX unless the '--jsx' flag is provided.
src/pages/admin/AdminProductsForm.tsx(1320,11): error TS17004: Cannot use JSX unless the '--jsx' flag is provided.
src/pages/admin/AdminProductsForm.tsx(1321,13): error TS17004: Cannot use JSX unless the '--jsx' flag is provided.
src/pages/admin/AdminProductsForm.tsx(1325,15): error TS17004: Cannot use JSX unless the '--jsx' flag is provided.
src/pages/admin/AdminProductsForm.tsx(1326,17): error TS17004: Cannot use JSX unless the '--jsx' flag is provided.
src/pages/admin/AdminProductsForm.tsx(1327,17): error TS17004: Cannot use JSX unless the '--jsx' flag is provided.
src/pages/admin/AdminProductsForm.tsx(1329,21): error TS17004: Cannot use JSX unless the '--jsx' flag is provided.
src/pages/admin/AdminProductsForm.tsx(1330,23): error TS17004: Cannot use JSX unless the '--jsx' flag is provided.
src/pages/admin/AdminProductsForm.tsx(1344,25): error TS17004: Cannot use JSX unless the '--jsx' flag is provided.
src/pages/admin/AdminProductsForm.tsx(1348,23): error TS17004: Cannot use JSX unless the '--jsx' flag is provided.
src/pages/admin/AdminProductsForm.tsx(1352,25): error TS17004: Cannot use JSX unless the '--jsx' flag is provided.
src/pages/admin/AdminProductsForm.tsx(1362,15): error TS17004: Cannot use JSX unless the '--jsx' flag is provided.
src/pages/admin/AdminProductsForm.tsx(1363,17): error TS17004: Cannot use JSX unless the '--jsx' flag is provided.
src/pages/admin/AdminProductsForm.tsx(1364,19): error TS17004: Cannot use JSX unless the '--jsx' flag is provided.
src/pages/admin/AdminProductsForm.tsx(1365,19): error TS17004: Cannot use JSX unless the '--jsx' flag is provided.
src/pages/admin/AdminProductsForm.tsx(1366,19): error TS17004: Cannot use JSX unless the '--jsx' flag is provided.
src/pages/admin/AdminProductsForm.tsx(1377,19): error TS17004: Cannot use JSX unless the '--jsx' flag is provided.
src/pages/admin/AdminProductsForm.tsx(1378,21): error TS17004: Cannot use JSX unless the '--jsx' flag is provided.
src/pages/admin/AdminProductsForm.tsx(1381,21): error TS17004: Cannot use JSX unless the '--jsx' flag is provided.
src/pages/admin/AdminProductsForm.tsx(1383,25): error TS17004: Cannot use JSX unless the '--jsx' flag is provided.
src/pages/admin/AdminProductsForm.tsx(1384,27): error TS17004: Cannot use JSX unless the '--jsx' flag is provided.
src/pages/admin/AdminProductsForm.tsx(1394,27): error TS17004: Cannot use JSX unless the '--jsx' flag is provided.
src/pages/admin/AdminProductsForm.tsx(1399,29): error TS17004: Cannot use JSX unless the '--jsx' flag is provided.
src/pages/admin/AdminProductsForm.tsx(1411,11): error TS17004: Cannot use JSX unless the '--jsx' flag is provided.
src/pages/admin/AdminProductsForm.tsx(1412,13): error TS17004: Cannot use JSX unless the '--jsx' flag is provided.
src/pages/admin/AdminProductsForm.tsx(1419,13): error TS17004: Cannot use JSX unless the '--jsx' flag is provided.
src/pages/admin/AdminProductsForm.tsx(1424,48): error TS17004: Cannot use JSX unless the '--jsx' flag is provided.
